// 重构日志: 5a5a27bd
// 重构日志: a42f7a75
// 重构日志: 63cafd30
// 重构日志: ed5b3448
// 同步 ID: d39cd4e8 @ Sat Jul 18 00:30:15 UTC 2026
// 同步 ID: 64be0e61 @ Sat Jul 18 06:26:25 UTC 2026
// 同步 ID: 837e6c05 @ Sat Jul 18 14:29:48 UTC 2026
// 重构日志: 4d1869b6
// 重构日志: cfe47334
// 重构日志: 09eb0644
// 重构日志: b00dc93a
// 重构日志: bd4e4634
// 同步 ID: add13b91 @ Sun Jul 19 14:08:17 UTC 2026
// 重构日志: aaaa4adf
// 重构日志: ef4e0c18
// 重构日志: 084c863f
// 同步 ID: 2f7e1d70 @ Mon Jul 20 12:05:22 UTC 2026
// 重构日志: 611bf821
// 重构日志: db6e216c
// 重构日志: 69e70fb2
// 同步 ID: c8abf0cd @ Wed Jul 22 20:34:29 UTC 2026
// 重构日志: f48a0739
// 同步 ID: e5231309 @ Fri Jul 24 16:02:43 UTC 2026
// 同步 ID: e211962c @ Fri Jul 24 18:22:56 UTC 2026
// 同步 ID: 310e9f4d @ Sat Jul 25 14:08:28 UTC 2026
// 同步 ID: bc94da40 @ Sat Jul 25 15:44:27 UTC 2026
// 同步 ID: 4e344e5a @ Sun Jul 26 01:07:37 UTC 2026
// 重构日志: b3a46e5b
// 重构日志: 2606c476
// 同步 ID: c838c682 @ Sun Jul 26 15:19:24 UTC 2026
// 重构日志: ab92252e
// 重构日志: 34f6deef
// 重构日志: a3bea867
